
Allocating common symbols
Common symbol       size              file

SaveRState          0x2               ./usb_lib/src/usb_int.o
SaveState           0x2               ./usb_lib/src/usb_init.o
ProtocolValue       0x4               ./usb/src/usb_prop.o
wIstr               0x2               ./usb/src/usb_istr.o
pProperty           0x4               ./usb_lib/src/usb_init.o
feature_buf_out     0x2               ./usb/src/usb_prop.o
EPindex             0x1               ./usb_lib/src/usb_init.o
SaveTState          0x2               ./usb_lib/src/usb_int.o
Device_Info         0x1c              ./usb_lib/src/usb_init.o
pUser_Standard_Requests
                    0x4               ./usb_lib/src/usb_init.o
feature_buf_in      0x2               ./usb/src/usb_prop.o
StatusInfo          0x2               ./usb_lib/src/usb_core.o
pInformation        0x4               ./usb_lib/src/usb_init.o
ResumeS             0x2               ./usb/src/usb_pwr.o
msTicks             0x4               ./delay.o
Send_Buffer         0x2               ./stm32f10x_it.o
wInterrupt_Mask     0x2               ./usb_lib/src/usb_init.o

Discarded input sections

 .text          0x00000000        0x0 ./usb_lib/src/usb_core.o
 .data          0x00000000        0x0 ./usb_lib/src/usb_core.o
 .bss           0x00000000        0x0 ./usb_lib/src/usb_core.o
 .text          0x00000000        0x0 ./usb_lib/src/usb_init.o
 .data          0x00000000        0x0 ./usb_lib/src/usb_init.o
 .bss           0x00000000        0x0 ./usb_lib/src/usb_init.o
 .text          0x00000000        0x0 ./usb_lib/src/usb_int.o
 .data          0x00000000        0x0 ./usb_lib/src/usb_int.o
 .bss           0x00000000        0x0 ./usb_lib/src/usb_int.o
 .text          0x00000000        0x0 ./usb_lib/src/usb_mem.o
 .data          0x00000000        0x0 ./usb_lib/src/usb_mem.o
 .bss           0x00000000        0x0 ./usb_lib/src/usb_mem.o
 .text          0x00000000        0x0 ./usb_lib/src/usb_regs.o
 .data          0x00000000        0x0 ./usb_lib/src/usb_regs.o
 .bss           0x00000000        0x0 ./usb_lib/src/usb_regs.o
 .text.SetCNTR  0x00000000       0x20 ./usb_lib/src/usb_regs.o
 .text.GetCNTR  0x00000000       0x18 ./usb_lib/src/usb_regs.o
 .text.SetISTR  0x00000000       0x20 ./usb_lib/src/usb_regs.o
 .text.GetISTR  0x00000000       0x18 ./usb_lib/src/usb_regs.o
 .text.GetFNR   0x00000000       0x18 ./usb_lib/src/usb_regs.o
 .text.SetDADDR
                0x00000000       0x20 ./usb_lib/src/usb_regs.o
 .text.GetDADDR
                0x00000000       0x18 ./usb_lib/src/usb_regs.o
 .text.GetBTABLE
                0x00000000       0x18 ./usb_lib/src/usb_regs.o
 .text.SetENDPOINT
                0x00000000       0x2c ./usb_lib/src/usb_regs.o
 .text.GetENDPOINT
                0x00000000       0x28 ./usb_lib/src/usb_regs.o
 .text.GetEPType
                0x00000000       0x30 ./usb_lib/src/usb_regs.o
 .text.SetDouBleBuffEPStall
                0x00000000       0x5c ./usb_lib/src/usb_regs.o
 .text.GetEPTxStatus
                0x00000000       0x30 ./usb_lib/src/usb_regs.o
 .text.GetEPRxStatus
                0x00000000       0x30 ./usb_lib/src/usb_regs.o
 .text.SetEP_KIND
                0x00000000       0x58 ./usb_lib/src/usb_regs.o
 .text.ClearEP_KIND
                0x00000000       0x58 ./usb_lib/src/usb_regs.o
 .text.Set_Status_Out
                0x00000000       0x58 ./usb_lib/src/usb_regs.o
 .text.SetEPDoubleBuff
                0x00000000       0x58 ./usb_lib/src/usb_regs.o
 .text.ClearEPDoubleBuff
                0x00000000       0x58 ./usb_lib/src/usb_regs.o
 .text.GetTxStallStatus
                0x00000000       0x38 ./usb_lib/src/usb_regs.o
 .text.GetRxStallStatus
                0x00000000       0x38 ./usb_lib/src/usb_regs.o
 .text.ClearEP_CTR_RX
                0x00000000       0x40 ./usb_lib/src/usb_regs.o
 .text.ClearEP_CTR_TX
                0x00000000       0x40 ./usb_lib/src/usb_regs.o
 .text.ToggleDTOG_RX
                0x00000000       0x48 ./usb_lib/src/usb_regs.o
 .text.ToggleDTOG_TX
                0x00000000       0x48 ./usb_lib/src/usb_regs.o
 .text.SetEPAddress
                0x00000000       0x50 ./usb_lib/src/usb_regs.o
 .text.GetEPAddress
                0x00000000       0x30 ./usb_lib/src/usb_regs.o
 .text.SetEPCountRxReg
                0x00000000       0x70 ./usb_lib/src/usb_regs.o
 .text.GetEPTxCount
                0x00000000       0x48 ./usb_lib/src/usb_regs.o
 .text.GetEPRxCount
                0x00000000       0x48 ./usb_lib/src/usb_regs.o
 .text.SetEPDblBuffAddr
                0x00000000       0x80 ./usb_lib/src/usb_regs.o
 .text.SetEPDblBuf0Addr
                0x00000000       0x48 ./usb_lib/src/usb_regs.o
 .text.SetEPDblBuf1Addr
                0x00000000       0x4c ./usb_lib/src/usb_regs.o
 .text.GetEPDblBuf0Addr
                0x00000000       0x3c ./usb_lib/src/usb_regs.o
 .text.GetEPDblBuf1Addr
                0x00000000       0x40 ./usb_lib/src/usb_regs.o
 .text.SetEPDblBuffCount
                0x00000000      0x188 ./usb_lib/src/usb_regs.o
 .text.SetEPDblBuf0Count
                0x00000000       0xd4 ./usb_lib/src/usb_regs.o
 .text.SetEPDblBuf1Count
                0x00000000       0xd4 ./usb_lib/src/usb_regs.o
 .text.GetEPDblBuf0Count
                0x00000000       0x48 ./usb_lib/src/usb_regs.o
 .text.GetEPDblBuf1Count
                0x00000000       0x48 ./usb_lib/src/usb_regs.o
 .text.GetEPDblBufDir
                0x00000000       0x8c ./usb_lib/src/usb_regs.o
 .text.FreeUserBuffer
                0x00000000       0x8c ./usb_lib/src/usb_regs.o
 .text.ToWord   0x00000000       0x30 ./usb_lib/src/usb_regs.o
 .text          0x00000000        0x0 ./usb_lib/src/usb_sil.o
 .data          0x00000000        0x0 ./usb_lib/src/usb_sil.o
 .bss           0x00000000        0x0 ./usb_lib/src/usb_sil.o
 .text.USB_SIL_Read
                0x00000000       0x50 ./usb_lib/src/usb_sil.o
 .text          0x00000000        0x0 ./usb/src/usb_desc.o
 .data          0x00000000        0x0 ./usb/src/usb_desc.o
 .bss           0x00000000        0x0 ./usb/src/usb_desc.o
 .text          0x00000000        0x0 ./usb/src/usb_endp.o
 .data          0x00000000        0x0 ./usb/src/usb_endp.o
 .bss           0x00000000        0x0 ./usb/src/usb_endp.o
 .bss.Receive_Buffer
                0x00000000        0x4 ./usb/src/usb_endp.o
 .text          0x00000000        0x0 ./usb/src/usb_istr.o
 .data          0x00000000        0x0 ./usb/src/usb_istr.o
 .bss           0x00000000        0x0 ./usb/src/usb_istr.o
 .text          0x00000000        0x0 ./usb/src/usb_prop.o
 .data          0x00000000        0x0 ./usb/src/usb_prop.o
 .bss           0x00000000        0x0 ./usb/src/usb_prop.o
 .text          0x00000000        0x0 ./usb/src/usb_pwr.o
 .data          0x00000000        0x0 ./usb/src/usb_pwr.o
 .bss           0x00000000        0x0 ./usb/src/usb_pwr.o
 .text.PowerOff
                0x00000000       0x40 ./usb/src/usb_pwr.o
 .text          0x00000000        0x0 ./CMSIS/core_cm3.o
 .data          0x00000000        0x0 ./CMSIS/core_cm3.o
 .bss           0x00000000        0x0 ./CMSIS/core_cm3.o
 .text.__get_PSP
                0x00000000       0x10 ./CMSIS/core_cm3.o
 .text.__set_PSP
                0x00000000        0x8 ./CMSIS/core_cm3.o
 .text.__get_MSP
                0x00000000       0x10 ./CMSIS/core_cm3.o
 .text.__set_MSP
                0x00000000        0x8 ./CMSIS/core_cm3.o
 .text.__get_BASEPRI
                0x00000000       0x20 ./CMSIS/core_cm3.o
 .text.__set_BASEPRI
                0x00000000       0x18 ./CMSIS/core_cm3.o
 .text.__get_PRIMASK
                0x00000000       0x20 ./CMSIS/core_cm3.o
 .text.__set_PRIMASK
                0x00000000       0x18 ./CMSIS/core_cm3.o
 .text.__get_FAULTMASK
                0x00000000       0x20 ./CMSIS/core_cm3.o
 .text.__set_FAULTMASK
                0x00000000       0x18 ./CMSIS/core_cm3.o
 .text.__get_CONTROL
                0x00000000       0x20 ./CMSIS/core_cm3.o
 .text.__set_CONTROL
                0x00000000       0x18 ./CMSIS/core_cm3.o
 .text.__REV    0x00000000       0x24 ./CMSIS/core_cm3.o
 .text.__REV16  0x00000000       0x24 ./CMSIS/core_cm3.o
 .text.__REVSH  0x00000000       0x24 ./CMSIS/core_cm3.o
 .text.__RBIT   0x00000000       0x24 ./CMSIS/core_cm3.o
 .text.__LDREXB
                0x00000000       0x24 ./CMSIS/core_cm3.o
 .text.__LDREXH
                0x00000000       0x24 ./CMSIS/core_cm3.o
 .text.__LDREXW
                0x00000000       0x24 ./CMSIS/core_cm3.o
 .text.__STREXB
                0x00000000       0x2c ./CMSIS/core_cm3.o
 .text.__STREXH
                0x00000000       0x2c ./CMSIS/core_cm3.o
 .text.__STREXW
                0x00000000       0x28 ./CMSIS/core_cm3.o
 .text          0x00000000        0x0 ./CMSIS/system_stm32f10x.o
 .data          0x00000000        0x0 ./CMSIS/system_stm32f10x.o
 .bss           0x00000000        0x0 ./CMSIS/system_stm32f10x.o
 .data.AHBPrescTable
                0x00000000       0x10 ./CMSIS/system_stm32f10x.o
 .text.SystemCoreClockUpdate
                0x00000000      0x148 ./CMSIS/system_stm32f10x.o
 .text          0x00000000       0x14 ./crt0.o
 .data          0x00000000        0x0 ./crt0.o
 .bss           0x00000000        0x0 ./crt0.o
 .text          0x00000000        0x0 ./crt1.o
 .data          0x00000000        0x0 ./crt1.o
 .bss           0x00000000        0x0 ./crt1.o
 .text          0x00000000        0x0 ./delay.o
 .data          0x00000000        0x0 ./delay.o
 .bss           0x00000000        0x0 ./delay.o
 .text.delay_us
                0x00000000       0x54 ./delay.o
 .text          0x00000000        0x0 ./leds_driver.o
 .data          0x00000000        0x0 ./leds_driver.o
 .bss           0x00000000        0x0 ./leds_driver.o
 .text.leds_set
                0x00000000       0x7c ./leds_driver.o
 .text          0x00000000        0x0 ./main.o
 .data          0x00000000        0x0 ./main.o
 .bss           0x00000000        0x0 ./main.o
 .data.PrevXferComplete
                0x00000000        0x1 ./main.o
 .text          0x00000000        0x0 ./si4705.o
 .data          0x00000000        0x0 ./si4705.o
 .bss           0x00000000        0x0 ./si4705.o
 .text.si4705_seek
                0x00000000       0x50 ./si4705.o
 .text.si4705_getprop
                0x00000000       0xbc ./si4705.o
 .text          0x00000000        0x0 ./stm32f10x_it.o
 .data          0x00000000        0x0 ./stm32f10x_it.o
 .bss           0x00000000        0x0 ./stm32f10x_it.o
 COMMON         0x00000000        0x2 ./stm32f10x_it.o

Memory Configuration

Name             Origin             Length             Attributes
FLASH            0x08000000         0x00010000         xr
RAM              0x20000000         0x00005000         xrw
MEMORY_B1        0x60000000         0x00000000         xr
*default*        0x00000000         0xffffffff

Linker script and memory map

LOAD ./usb_lib/src/usb_core.o
LOAD ./usb_lib/src/usb_init.o
LOAD ./usb_lib/src/usb_int.o
LOAD ./usb_lib/src/usb_mem.o
LOAD ./usb_lib/src/usb_regs.o
LOAD ./usb_lib/src/usb_sil.o
LOAD ./usb/src/usb_desc.o
LOAD ./usb/src/usb_endp.o
LOAD ./usb/src/usb_istr.o
LOAD ./usb/src/usb_prop.o
LOAD ./usb/src/usb_pwr.o
LOAD ./CMSIS/core_cm3.o
LOAD ./CMSIS/system_stm32f10x.o
LOAD ./crt0.o
LOAD ./crt1.o
LOAD ./delay.o
LOAD ./leds_driver.o
LOAD ./main.o
LOAD ./si4705.o
LOAD ./stm32f10x_it.o
                0x20005000                _estack = 0x20005000
                0x00000000                _Min_Heap_Size = 0x0
                0x00000100                _Min_Stack_Size = 0x100

.isr_vector     0x08000000      0x10c
                0x08000000                . = ALIGN (0x4)
 *(.isr_vector)
 .isr_vector    0x08000000      0x10c ./crt0.o
                0x08000000                g_pfnVectors
                0x0800010c                . = ALIGN (0x4)

.text           0x0800010c     0x3a78
                0x0800010c                . = ALIGN (0x4)
 *(.text)
 *(.text*)
 .text.Standard_GetConfiguration
                0x0800010c       0x4c ./usb_lib/src/usb_core.o
                0x0800010c                Standard_GetConfiguration
 .text.Standard_SetConfiguration
                0x08000158       0x74 ./usb_lib/src/usb_core.o
                0x08000158                Standard_SetConfiguration
 .text.Standard_GetInterface
                0x080001cc       0x4c ./usb_lib/src/usb_core.o
                0x080001cc                Standard_GetInterface
 .text.Standard_SetInterface
                0x08000218       0xc8 ./usb_lib/src/usb_core.o
                0x08000218                Standard_SetInterface
 .text.Standard_GetStatus
                0x080002e0      0x1bc ./usb_lib/src/usb_core.o
                0x080002e0                Standard_GetStatus
 .text.Standard_ClearFeature
                0x0800049c      0x230 ./usb_lib/src/usb_core.o
                0x0800049c                Standard_ClearFeature
 .text.Standard_SetEndPointFeature
                0x080006cc      0x148 ./usb_lib/src/usb_core.o
                0x080006cc                Standard_SetEndPointFeature
 .text.Standard_SetDeviceFeature
                0x08000814       0x38 ./usb_lib/src/usb_core.o
                0x08000814                Standard_SetDeviceFeature
 .text.Standard_GetDescriptorData
                0x0800084c       0x54 ./usb_lib/src/usb_core.o
                0x0800084c                Standard_GetDescriptorData
 .text.DataStageOut
                0x080008a0      0x140 ./usb_lib/src/usb_core.o
 .text.DataStageIn
                0x080009e0      0x154 ./usb_lib/src/usb_core.o
 .text.NoData_Setup0
                0x08000b34      0x208 ./usb_lib/src/usb_core.o
 .text.Data_Setup0
                0x08000d3c      0x488 ./usb_lib/src/usb_core.o
 .text.Setup0_Process
                0x080011c4      0x120 ./usb_lib/src/usb_core.o
                0x080011c4                Setup0_Process
 .text.In0_Process
                0x080012e4       0xbc ./usb_lib/src/usb_core.o
                0x080012e4                In0_Process
 .text.Out0_Process
                0x080013a0       0x8c ./usb_lib/src/usb_core.o
                0x080013a0                Out0_Process
 .text.Post0_Process
                0x0800142c       0x60 ./usb_lib/src/usb_core.o
                0x0800142c                Post0_Process
 .text.SetDeviceAddress
                0x0800148c       0x88 ./usb_lib/src/usb_core.o
                0x0800148c                SetDeviceAddress
 .text.NOP_Process
                0x08001514        0xc ./usb_lib/src/usb_core.o
                0x08001514                NOP_Process
 .text.USB_Init
                0x08001520       0x5c ./usb_lib/src/usb_init.o
                0x08001520                USB_Init
 .text.CTR_LP   0x0800157c      0x428 ./usb_lib/src/usb_int.o
                0x0800157c                CTR_LP
 .text.CTR_HP   0x080019a4      0x144 ./usb_lib/src/usb_int.o
                0x080019a4                CTR_HP
 .text.UserToPMABufferCopy
                0x08001ae8       0x88 ./usb_lib/src/usb_mem.o
                0x08001ae8                UserToPMABufferCopy
 .text.PMAToUserBufferCopy
                0x08001b70       0x6c ./usb_lib/src/usb_mem.o
                0x08001b70                PMAToUserBufferCopy
 .text.SetBTABLE
                0x08001bdc       0x28 ./usb_lib/src/usb_regs.o
                0x08001bdc                SetBTABLE
 .text.SetEPType
                0x08001c04       0x4c ./usb_lib/src/usb_regs.o
                0x08001c04                SetEPType
 .text.SetEPTxStatus
                0x08001c50       0x74 ./usb_lib/src/usb_regs.o
                0x08001c50                SetEPTxStatus
 .text.SetEPRxStatus
                0x08001cc4       0x74 ./usb_lib/src/usb_regs.o
                0x08001cc4                SetEPRxStatus
 .text.SetEPTxValid
                0x08001d38       0x58 ./usb_lib/src/usb_regs.o
                0x08001d38                SetEPTxValid
 .text.SetEPRxValid
                0x08001d90       0x58 ./usb_lib/src/usb_regs.o
                0x08001d90                SetEPRxValid
 .text.Clear_Status_Out
                0x08001de8       0x58 ./usb_lib/src/usb_regs.o
                0x08001de8                Clear_Status_Out
 .text.ClearDTOG_RX
                0x08001e40       0x60 ./usb_lib/src/usb_regs.o
                0x08001e40                ClearDTOG_RX
 .text.ClearDTOG_TX
                0x08001ea0       0x60 ./usb_lib/src/usb_regs.o
                0x08001ea0                ClearDTOG_TX
 .text.SetEPTxAddr
                0x08001f00       0x48 ./usb_lib/src/usb_regs.o
                0x08001f00                SetEPTxAddr
 .text.SetEPRxAddr
                0x08001f48       0x4c ./usb_lib/src/usb_regs.o
                0x08001f48                SetEPRxAddr
 .text.GetEPTxAddr
                0x08001f94       0x3c ./usb_lib/src/usb_regs.o
                0x08001f94                GetEPTxAddr
 .text.GetEPRxAddr
                0x08001fd0       0x40 ./usb_lib/src/usb_regs.o
                0x08001fd0                GetEPRxAddr
 .text.SetEPTxCount
                0x08002010       0x40 ./usb_lib/src/usb_regs.o
                0x08002010                SetEPTxCount
 .text.SetEPRxCount
                0x08002050       0x98 ./usb_lib/src/usb_regs.o
                0x08002050                SetEPRxCount
 .text.ByteSwap
                0x080020e8       0x34 ./usb_lib/src/usb_regs.o
                0x080020e8                ByteSwap
 .text.USB_SIL_Init
                0x0800211c       0x40 ./usb_lib/src/usb_sil.o
                0x0800211c                USB_SIL_Init
 .text.USB_SIL_Write
                0x0800215c       0x50 ./usb_lib/src/usb_sil.o
                0x0800215c                USB_SIL_Write
 .text.EP1_IN_Callback
                0x080021ac       0x34 ./usb/src/usb_endp.o
                0x080021ac                EP1_IN_Callback
 .text.EP2_OUT_Callback
                0x080021e0        0xc ./usb/src/usb_endp.o
                0x080021e0                EP2_OUT_Callback
 .text.EP3_IN_Callback
                0x080021ec        0xc ./usb/src/usb_endp.o
                0x080021ec                EP3_IN_Callback
 .text.USB_Istr
                0x080021f8      0x1ac ./usb/src/usb_istr.o
                0x080021f8                USB_Istr
 .text.CustomHID_Init
                0x080023a4       0x2c ./usb/src/usb_prop.o
                0x080023a4                CustomHID_Init
 .text.CustomHID_Reset
                0x080023d0       0xf0 ./usb/src/usb_prop.o
                0x080023d0                CustomHID_Reset
 .text.CustomHID_SetConfiguration
                0x080024c0       0x28 ./usb/src/usb_prop.o
                0x080024c0                CustomHID_SetConfiguration
 .text.CustomHID_SetDeviceAddress
                0x080024e8       0x18 ./usb/src/usb_prop.o
                0x080024e8                CustomHID_SetDeviceAddress
 .text.CustomHID_Status_In
                0x08002500        0xc ./usb/src/usb_prop.o
                0x08002500                CustomHID_Status_In
 .text.CustomHID_Status_Out
                0x0800250c        0xc ./usb/src/usb_prop.o
                0x0800250c                CustomHID_Status_Out
 .text.CustomHID_Data_Setup
                0x08002518      0x13c ./usb/src/usb_prop.o
                0x08002518                CustomHID_Data_Setup
 .text.CustomHID_SetReport
                0x08002654       0x58 ./usb/src/usb_prop.o
                0x08002654                CustomHID_SetReport
 .text.CustomHID_GetReport
                0x080026ac       0xa4 ./usb/src/usb_prop.o
                0x080026ac                CustomHID_GetReport
 .text.CustomHID_NoData_Setup
                0x08002750       0x3c ./usb/src/usb_prop.o
                0x08002750                CustomHID_NoData_Setup
 .text.CustomHID_GetDeviceDescriptor
                0x0800278c       0x28 ./usb/src/usb_prop.o
                0x0800278c                CustomHID_GetDeviceDescriptor
 .text.CustomHID_GetConfigDescriptor
                0x080027b4       0x28 ./usb/src/usb_prop.o
                0x080027b4                CustomHID_GetConfigDescriptor
 .text.CustomHID_GetStringDescriptor
                0x080027dc       0x4c ./usb/src/usb_prop.o
                0x080027dc                CustomHID_GetStringDescriptor
 .text.CustomHID_GetReportDescriptor
                0x08002828       0x28 ./usb/src/usb_prop.o
                0x08002828                CustomHID_GetReportDescriptor
 .text.CustomHID_GetHIDDescriptor
                0x08002850       0x28 ./usb/src/usb_prop.o
                0x08002850                CustomHID_GetHIDDescriptor
 .text.CustomHID_Get_Interface_Setting
                0x08002878       0x38 ./usb/src/usb_prop.o
                0x08002878                CustomHID_Get_Interface_Setting
 .text.CustomHID_SetProtocol
                0x080028b0       0x30 ./usb/src/usb_prop.o
                0x080028b0                CustomHID_SetProtocol
 .text.CustomHID_GetProtocolValue
                0x080028e0       0x3c ./usb/src/usb_prop.o
                0x080028e0                CustomHID_GetProtocolValue
 .text.DisconnectPin
                0x0800291c       0x64 ./usb/src/usb_pwr.o
 .text.Enter_LowPowerMode
                0x08002980       0x18 ./usb/src/usb_pwr.o
                0x08002980                Enter_LowPowerMode
 .text.Leave_LowPowerMode
                0x08002998       0x40 ./usb/src/usb_pwr.o
                0x08002998                Leave_LowPowerMode
 .text.PowerOn  0x080029d8       0x80 ./usb/src/usb_pwr.o
                0x080029d8                PowerOn
 .text.Suspend  0x08002a58       0x54 ./usb/src/usb_pwr.o
                0x08002a58                Suspend
 .text.Resume_Init
                0x08002aac       0x40 ./usb/src/usb_pwr.o
                0x08002aac                Resume_Init
 .text.Resume   0x08002aec      0x188 ./usb/src/usb_pwr.o
                0x08002aec                Resume
 .text.SystemInit
                0x08002c74       0xac ./CMSIS/system_stm32f10x.o
                0x08002c74                SystemInit
 .text.SetSysClock
                0x08002d20        0xc ./CMSIS/system_stm32f10x.o
 .text.SetSysClockTo72
                0x08002d2c      0x1ac ./CMSIS/system_stm32f10x.o
 .text.Reset_Handler
                0x08002ed8       0x48 ./crt0.o
                0x08002ed8                Reset_Handler
 .text.Default_Handler
                0x08002f20        0x2 ./crt0.o
                0x08002f20                USBWakeUp_IRQHandler
                0x08002f20                DebugMon_Handler
                0x08002f20                TIM1_CC_IRQHandler
                0x08002f20                HardFault_Handler
                0x08002f20                PVD_IRQHandler
                0x08002f20                PendSV_Handler
                0x08002f20                NMI_Handler
                0x08002f20                EXTI3_IRQHandler
                0x08002f20                EXTI0_IRQHandler
                0x08002f20                I2C2_EV_IRQHandler
                0x08002f20                UsageFault_Handler
                0x08002f20                ADC1_2_IRQHandler
                0x08002f20                SPI1_IRQHandler
                0x08002f20                TAMPER_IRQHandler
                0x08002f20                DMA1_Channel4_IRQHandler
                0x08002f20                USART3_IRQHandler
                0x08002f20                RTC_IRQHandler
                0x08002f20                DMA1_Channel7_IRQHandler
                0x08002f20                CAN1_RX1_IRQHandler
                0x08002f20                TIM4_IRQHandler
                0x08002f20                I2C1_EV_IRQHandler
                0x08002f20                DMA1_Channel6_IRQHandler
                0x08002f20                TIM3_IRQHandler
                0x08002f20                RCC_IRQHandler
                0x08002f20                TIM1_TRG_COM_IRQHandler
                0x08002f20                DMA1_Channel1_IRQHandler
                0x08002f20                Default_Handler
                0x08002f20                EXTI15_10_IRQHandler
                0x08002f20                EXTI9_5_IRQHandler
                0x08002f20                SPI2_IRQHandler
                0x08002f20                MemManage_Handler
                0x08002f20                SVC_Handler
                0x08002f20                DMA1_Channel5_IRQHandler
                0x08002f20                EXTI4_IRQHandler
                0x08002f20                DMA1_Channel3_IRQHandler
                0x08002f20                TIM1_UP_IRQHandler
                0x08002f20                WWDG_IRQHandler
                0x08002f20                TIM2_IRQHandler
                0x08002f20                TIM1_BRK_IRQHandler
                0x08002f20                EXTI1_IRQHandler
                0x08002f20                RTCAlarm_IRQHandler
                0x08002f20                USART2_IRQHandler
                0x08002f20                I2C2_ER_IRQHandler
                0x08002f20                DMA1_Channel2_IRQHandler
                0x08002f20                CAN1_SCE_IRQHandler
                0x08002f20                FLASH_IRQHandler
                0x08002f20                BusFault_Handler
                0x08002f20                USART1_IRQHandler
                0x08002f20                I2C1_ER_IRQHandler
                0x08002f20                EXTI2_IRQHandler
 *fill*         0x08002f22        0x2 00
 .text.exit     0x08002f24        0xc ./crt1.o
                0x08002f24                exit
 .text.NVIC_SetPriority
                0x08002f30       0x5c ./delay.o
 .text.SysTick_Config
                0x08002f8c       0x64 ./delay.o
 .text.SysTick_Handler
                0x08002ff0       0x24 ./delay.o
                0x08002ff0                SysTick_Handler
 .text.delay_init
                0x08003014       0x34 ./delay.o
                0x08003014                delay_init
 .text.delay_ms
                0x08003048       0x34 ./delay.o
                0x08003048                delay_ms
 .text.leds_init
                0x0800307c       0x60 ./leds_driver.o
                0x0800307c                leds_init
 .text.leds_set_mask
                0x080030dc       0xa0 ./leds_driver.o
                0x080030dc                leds_set_mask
 .text.NVIC_SetPriorityGrouping
                0x0800317c       0x50 ./main.o
 .text.NVIC_GetPriorityGrouping
                0x080031cc       0x20 ./main.o
 .text.NVIC_EnableIRQ
                0x080031ec       0x38 ./main.o
 .text.NVIC_SetPriority
                0x08003224       0x5c ./main.o
 .text.NVIC_EncodePriority
                0x08003280       0x78 ./main.o
 .text.interrupts_config
                0x080032f8       0x60 ./main.o
                0x080032f8                interrupts_config
 .text.InitAll  0x08003358       0x7c ./main.o
                0x08003358                InitAll
 .text.main     0x080033d4       0x68 ./main.o
                0x080033d4                main
 .text.si4705_init
                0x0800343c      0x12c ./si4705.o
                0x0800343c                si4705_init
 .text.si4705_send_raw
                0x08003568       0x8c ./si4705.o
 .text.si4705_recv_raw
                0x080035f4       0xd0 ./si4705.o
 .text.si4705_send
                0x080036c4       0x70 ./si4705.o
 .text.si4705_recv_1
                0x08003734       0x40 ./si4705.o
 .text.si4705_recv_15
                0x08003774       0x64 ./si4705.o
 .text.si4705_rclk
                0x080037d8       0x28 ./si4705.o
 .text.si4705_powerup
                0x08003800      0x130 ./si4705.o
                0x08003800                si4705_powerup
 .text.si4705_getrev
                0x08003930       0xd8 ./si4705.o
                0x08003930                si4705_getrev
 .text.si4705_tune
                0x08003a08       0x58 ./si4705.o
                0x08003a08                si4705_tune
 .text.USB_LP_CAN1_RX0_IRQHandler
                0x08003a60        0xc ./stm32f10x_it.o
                0x08003a60                USB_LP_CAN1_RX0_IRQHandler
 .text.USB_HP_CAN1_TX_IRQHandler
                0x08003a6c        0xc ./stm32f10x_it.o
                0x08003a6c                USB_HP_CAN1_TX_IRQHandler
 *(.rodata)
 *(.rodata*)
 .rodata.CustomHID_DeviceDescriptor
                0x08003a78       0x14 ./usb/src/usb_desc.o
                0x08003a78                CustomHID_DeviceDescriptor
 .rodata.CustomHID_ConfigDescriptor
                0x08003a8c       0x94 ./usb/src/usb_desc.o
                0x08003a8c                CustomHID_ConfigDescriptor
 .rodata.CustomHID_ReportDescriptor
                0x08003b20       0x18 ./usb/src/usb_desc.o
                0x08003b20                CustomHID_ReportDescriptor
 .rodata.CustomHID_StringLangID
                0x08003b38        0x4 ./usb/src/usb_desc.o
                0x08003b38                CustomHID_StringLangID
 .rodata.CustomHID_StringVendor
                0x08003b3c       0x28 ./usb/src/usb_desc.o
                0x08003b3c                CustomHID_StringVendor
 .rodata.CustomHID_StringProduct
                0x08003b64       0x20 ./usb/src/usb_desc.o
                0x08003b64                CustomHID_StringProduct
 *(.glue_7)
 .glue_7        0x00000000        0x0 linker stubs
 *(.glue_7t)
 .glue_7t       0x00000000        0x0 linker stubs
 *(.eh_frame)
 *(.init)
 *(.fini)
                0x08003b84                . = ALIGN (0x4)
                0x08003b84                _etext = .

.vfp11_veneer   0x08003b84        0x0
 .vfp11_veneer  0x00000000        0x0 linker stubs

.v4_bx          0x08003b84        0x0
 .v4_bx         0x00000000        0x0 linker stubs

.ARM.extab
 *(.ARM.extab* .gnu.linkonce.armextab.*)

.ARM            0x08003b84        0x0
                0x08003b84                __exidx_start = .
 *(.ARM.exidx*)
                0x08003b84                __exidx_end = .

.preinit_array  0x08003b84        0x0
                0x08003b84                PROVIDE (__preinit_array_start, .)
 *(.preinit_array*)
                0x08003b84                PROVIDE (__preinit_array_end, .)

.init_array     0x08003b84        0x0
                0x08003b84                PROVIDE (__init_array_start, .)
 *(SORT(.init_array.*))
 *(.init_array*)
                0x08003b84                PROVIDE (__init_array_end, .)

.fini_array     0x08003b84        0x0
                0x08003b84                PROVIDE (__fini_array_start, .)
 *(.fini_array*)
 *(SORT(.fini_array.*))
                0x08003b84                PROVIDE (__fini_array_end, .)
                0x08003b84                _sidata = .

.data           0x20000000       0xe8 load address 0x08003b84
                0x20000000                . = ALIGN (0x4)
                0x20000000                _sdata = .
 *(.data)
 *(.data*)
 .data.CustomHID_StringSerial
                0x20000000       0x10 ./usb/src/usb_desc.o
                0x20000000                CustomHID_StringSerial
 .data.pEpInt_IN
                0x20000010       0x1c ./usb/src/usb_istr.o
                0x20000010                pEpInt_IN
 .data.pEpInt_OUT
                0x2000002c       0x1c ./usb/src/usb_istr.o
                0x2000002c                pEpInt_OUT
 .data.Device_Table
                0x20000048        0x4 ./usb/src/usb_prop.o
                0x20000048                Device_Table
 .data.Device_Property
                0x2000004c       0x30 ./usb/src/usb_prop.o
                0x2000004c                Device_Property
 .data.User_Standard_Requests
                0x2000007c       0x24 ./usb/src/usb_prop.o
                0x2000007c                User_Standard_Requests
 .data.Device_Descriptor
                0x200000a0        0x8 ./usb/src/usb_prop.o
                0x200000a0                Device_Descriptor
 .data.Config_Descriptor
                0x200000a8        0x8 ./usb/src/usb_prop.o
                0x200000a8                Config_Descriptor
 .data.CustomHID_Report_Descriptor
                0x200000b0        0x8 ./usb/src/usb_prop.o
                0x200000b0                CustomHID_Report_Descriptor
 .data.CustomHID_Hid_Descriptor
                0x200000b8        0x8 ./usb/src/usb_prop.o
                0x200000b8                CustomHID_Hid_Descriptor
 .data.String_Descriptor
                0x200000c0       0x20 ./usb/src/usb_prop.o
                0x200000c0                String_Descriptor
 .data.fSuspendEnabled
                0x200000e0        0x1 ./usb/src/usb_pwr.o
                0x200000e0                fSuspendEnabled
 *fill*         0x200000e1        0x3 00
 .data.SystemCoreClock
                0x200000e4        0x4 ./CMSIS/system_stm32f10x.o
                0x200000e4                SystemCoreClock
                0x200000e8                . = ALIGN (0x4)
                0x200000e8                _edata = .
                0x200000e8                . = ALIGN (0x4)

.bss            0x200000e8       0x5c load address 0x08003c6c
                0x200000e8                _sbss = .
                0x200000e8                __bss_start__ = _sbss
 *(.bss)
 *(.bss*)
 .bss.Data_Mul_MaxPacketSize
                0x200000e8        0x1 ./usb_lib/src/usb_core.o
                0x200000e8                Data_Mul_MaxPacketSize
 .bss.bIntPackSOF
                0x200000e9        0x1 ./usb/src/usb_istr.o
                0x200000e9                bIntPackSOF
 .bss.Request   0x200000ea        0x1 ./usb/src/usb_prop.o
                0x200000ea                Request
 *fill*         0x200000eb        0x1 00
 .bss.x         0x200000ec        0x4 ./usb/src/usb_prop.o
                0x200000ec                x
 .bss.bDeviceState
                0x200000f0        0x4 ./usb/src/usb_pwr.o
                0x200000f0                bDeviceState
 *(COMMON)
 COMMON         0x200000f4        0x2 ./usb_lib/src/usb_core.o
                0x200000f4                StatusInfo
 *fill*         0x200000f6        0x2 00
 COMMON         0x200000f8       0x32 ./usb_lib/src/usb_init.o
                0x200000f8                SaveState
                0x200000fc                pProperty
                0x20000100                EPindex
                0x20000104                Device_Info
                0x20000120                pUser_Standard_Requests
                0x20000124                pInformation
                0x20000128                wInterrupt_Mask
 COMMON         0x2000012a        0x4 ./usb_lib/src/usb_int.o
                0x2000012a                SaveRState
                0x2000012c                SaveTState
 COMMON         0x2000012e        0x2 ./usb/src/usb_istr.o
                0x2000012e                wIstr
 COMMON         0x20000130        0xa ./usb/src/usb_prop.o
                0x20000130                ProtocolValue
                0x20000134                feature_buf_out
                0x20000138                feature_buf_in
 *fill*         0x2000013a        0x2 00
 COMMON         0x2000013c        0x2 ./usb/src/usb_pwr.o
                0x2000013c                ResumeS
 *fill*         0x2000013e        0x2 00
 COMMON         0x20000140        0x4 ./delay.o
                0x20000140                msTicks
                0x20000144                . = ALIGN (0x4)
                0x20000144                _ebss = .
                0x20000144                __bss_end__ = _ebss

._user_heap_stack
                0x20000144      0x100 load address 0x08003cc8
                0x20000144                . = ALIGN (0x4)
                0x20000144                PROVIDE (end, .)
                0x20000144                PROVIDE (_end, .)
                0x20000144                . = (. + _Min_Heap_Size)
                0x20000244                . = (. + _Min_Stack_Size)
 *fill*         0x20000144      0x100 00
                0x20000244                . = ALIGN (0x4)

.memory_b1_text
 *(.mb1text)
 *(.mb1text*)
 *(.mb1rodata)
 *(.mb1rodata*)

/DISCARD/
 libc.a(*)
 libm.a(*)
 libgcc.a(*)

.ARM.attributes
                0x00000000       0x2f
 *(.ARM.attributes)
 .ARM.attributes
                0x00000000       0x31 ./usb_lib/src/usb_core.o
 .ARM.attributes
                0x00000031       0x31 ./usb_lib/src/usb_init.o
 .ARM.attributes
                0x00000062       0x31 ./usb_lib/src/usb_int.o
 .ARM.attributes
                0x00000093       0x31 ./usb_lib/src/usb_mem.o
 .ARM.attributes
                0x000000c4       0x31 ./usb_lib/src/usb_regs.o
 .ARM.attributes
                0x000000f5       0x31 ./usb_lib/src/usb_sil.o
 .ARM.attributes
                0x00000126       0x31 ./usb/src/usb_desc.o
 .ARM.attributes
                0x00000157       0x31 ./usb/src/usb_endp.o
 .ARM.attributes
                0x00000188       0x31 ./usb/src/usb_istr.o
 .ARM.attributes
                0x000001b9       0x31 ./usb/src/usb_prop.o
 .ARM.attributes
                0x000001ea       0x31 ./usb/src/usb_pwr.o
 .ARM.attributes
                0x0000021b       0x31 ./CMSIS/core_cm3.o
 .ARM.attributes
                0x0000024c       0x31 ./CMSIS/system_stm32f10x.o
 .ARM.attributes
                0x0000027d       0x21 ./crt0.o
 .ARM.attributes
                0x0000029e       0x31 ./crt1.o
 .ARM.attributes
                0x000002cf       0x31 ./delay.o
 .ARM.attributes
                0x00000300       0x31 ./leds_driver.o
 .ARM.attributes
                0x00000331       0x31 ./main.o
 .ARM.attributes
                0x00000362       0x31 ./si4705.o
 .ARM.attributes
                0x00000393       0x31 ./stm32f10x_it.o
OUTPUT(RadioFW.elf elf32-littlearm)

.debug_info     0x00000000     0x5f4f
 .debug_info    0x00000000      0xc64 ./usb_lib/src/usb_core.o
 .debug_info    0x00000c64      0x4e6 ./usb_lib/src/usb_init.o
 .debug_info    0x0000114a      0x233 ./usb_lib/src/usb_int.o
 .debug_info    0x0000137d      0x1b8 ./usb_lib/src/usb_mem.o
 .debug_info    0x00001535      0xd6f ./usb_lib/src/usb_regs.o
 .debug_info    0x000022a4      0x17f ./usb_lib/src/usb_sil.o
 .debug_info    0x00002423      0x1aa ./usb/src/usb_desc.o
 .debug_info    0x000025cd      0x118 ./usb/src/usb_endp.o
 .debug_info    0x000026e5      0x334 ./usb/src/usb_istr.o
 .debug_info    0x00002a19      0xb84 ./usb/src/usb_prop.o
 .debug_info    0x0000359d      0x55d ./usb/src/usb_pwr.o
 .debug_info    0x00003afa      0x550 ./CMSIS/core_cm3.o
 .debug_info    0x0000404a      0x4a8 ./CMSIS/system_stm32f10x.o
 .debug_info    0x000044f2       0x71 ./crt0.o
 .debug_info    0x00004563       0xc4 ./crt1.o
 .debug_info    0x00004627      0x659 ./delay.o
 .debug_info    0x00004c80      0x1bd ./leds_driver.o
 .debug_info    0x00004e3d      0x819 ./main.o
 .debug_info    0x00005656      0x808 ./si4705.o
 .debug_info    0x00005e5e       0xf1 ./stm32f10x_it.o

.debug_abbrev   0x00000000     0x16e2
 .debug_abbrev  0x00000000      0x25e ./usb_lib/src/usb_core.o
 .debug_abbrev  0x0000025e      0x121 ./usb_lib/src/usb_init.o
 .debug_abbrev  0x0000037f       0xd1 ./usb_lib/src/usb_int.o
 .debug_abbrev  0x00000450       0xa0 ./usb_lib/src/usb_mem.o
 .debug_abbrev  0x000004f0      0x14a ./usb_lib/src/usb_regs.o
 .debug_abbrev  0x0000063a       0xbb ./usb_lib/src/usb_sil.o
 .debug_abbrev  0x000006f5       0x8c ./usb/src/usb_desc.o
 .debug_abbrev  0x00000781       0xa0 ./usb/src/usb_endp.o
 .debug_abbrev  0x00000821      0x108 ./usb/src/usb_istr.o
 .debug_abbrev  0x00000929      0x1ef ./usb/src/usb_prop.o
 .debug_abbrev  0x00000b18      0x1df ./usb/src/usb_pwr.o
 .debug_abbrev  0x00000cf7       0xd9 ./CMSIS/core_cm3.o
 .debug_abbrev  0x00000dd0      0x182 ./CMSIS/system_stm32f10x.o
 .debug_abbrev  0x00000f52       0x12 ./crt0.o
 .debug_abbrev  0x00000f64       0x6c ./crt1.o
 .debug_abbrev  0x00000fd0      0x1c6 ./delay.o
 .debug_abbrev  0x00001196       0xd3 ./leds_driver.o
 .debug_abbrev  0x00001269      0x1dc ./main.o
 .debug_abbrev  0x00001445      0x212 ./si4705.o
 .debug_abbrev  0x00001657       0x8b ./stm32f10x_it.o

.debug_loc      0x00000000     0x23a4
 .debug_loc     0x00000000      0x3f8 ./usb_lib/src/usb_core.o
 .debug_loc     0x000003f8       0x2c ./usb_lib/src/usb_init.o
 .debug_loc     0x00000424       0x70 ./usb_lib/src/usb_int.o
 .debug_loc     0x00000494       0x70 ./usb_lib/src/usb_mem.o
 .debug_loc     0x00000504      0xcac ./usb_lib/src/usb_regs.o
 .debug_loc     0x000011b0       0x9c ./usb_lib/src/usb_sil.o
 .debug_loc     0x0000124c       0x90 ./usb/src/usb_endp.o
 .debug_loc     0x000012dc       0x2c ./usb/src/usb_istr.o
 .debug_loc     0x00001308      0x3a8 ./usb/src/usb_prop.o
 .debug_loc     0x000016b0      0x1a8 ./usb/src/usb_pwr.o
 .debug_loc     0x00001858      0x3f0 ./CMSIS/core_cm3.o
 .debug_loc     0x00001c48       0xc8 ./CMSIS/system_stm32f10x.o
 .debug_loc     0x00001d10       0x38 ./crt1.o
 .debug_loc     0x00001d48      0x138 ./delay.o
 .debug_loc     0x00001e80       0x9c ./leds_driver.o
 .debug_loc     0x00001f1c      0x19c ./main.o
 .debug_loc     0x000020b8      0x294 ./si4705.o
 .debug_loc     0x0000234c       0x58 ./stm32f10x_it.o

.debug_aranges  0x00000000      0x748
 .debug_aranges
                0x00000000       0xb0 ./usb_lib/src/usb_core.o
 .debug_aranges
                0x000000b0       0x20 ./usb_lib/src/usb_init.o
 .debug_aranges
                0x000000d0       0x28 ./usb_lib/src/usb_int.o
 .debug_aranges
                0x000000f8       0x28 ./usb_lib/src/usb_mem.o
 .debug_aranges
                0x00000120      0x1f0 ./usb_lib/src/usb_regs.o
 .debug_aranges
                0x00000310       0x30 ./usb_lib/src/usb_sil.o
 .debug_aranges
                0x00000340       0x30 ./usb/src/usb_endp.o
 .debug_aranges
                0x00000370       0x20 ./usb/src/usb_istr.o
 .debug_aranges
                0x00000390       0xa8 ./usb/src/usb_prop.o
 .debug_aranges
                0x00000438       0x58 ./usb/src/usb_pwr.o
 .debug_aranges
                0x00000490       0xc8 ./CMSIS/core_cm3.o
 .debug_aranges
                0x00000558       0x38 ./CMSIS/system_stm32f10x.o
 .debug_aranges
                0x00000590       0x28 ./crt0.o
 .debug_aranges
                0x000005b8       0x20 ./crt1.o
 .debug_aranges
                0x000005d8       0x48 ./delay.o
 .debug_aranges
                0x00000620       0x30 ./leds_driver.o
 .debug_aranges
                0x00000650       0x58 ./main.o
 .debug_aranges
                0x000006a8       0x78 ./si4705.o
 .debug_aranges
                0x00000720       0x28 ./stm32f10x_it.o

.debug_ranges   0x00000000      0x620
 .debug_ranges  0x00000000       0xa0 ./usb_lib/src/usb_core.o
 .debug_ranges  0x000000a0       0x10 ./usb_lib/src/usb_init.o
 .debug_ranges  0x000000b0       0x18 ./usb_lib/src/usb_int.o
 .debug_ranges  0x000000c8       0x18 ./usb_lib/src/usb_mem.o
 .debug_ranges  0x000000e0      0x1e0 ./usb_lib/src/usb_regs.o
 .debug_ranges  0x000002c0       0x20 ./usb_lib/src/usb_sil.o
 .debug_ranges  0x000002e0       0x20 ./usb/src/usb_endp.o
 .debug_ranges  0x00000300       0x10 ./usb/src/usb_istr.o
 .debug_ranges  0x00000310       0x98 ./usb/src/usb_prop.o
 .debug_ranges  0x000003a8       0x48 ./usb/src/usb_pwr.o
 .debug_ranges  0x000003f0       0xb8 ./CMSIS/core_cm3.o
 .debug_ranges  0x000004a8       0x28 ./CMSIS/system_stm32f10x.o
 .debug_ranges  0x000004d0       0x20 ./crt0.o
 .debug_ranges  0x000004f0       0x10 ./crt1.o
 .debug_ranges  0x00000500       0x38 ./delay.o
 .debug_ranges  0x00000538       0x20 ./leds_driver.o
 .debug_ranges  0x00000558       0x48 ./main.o
 .debug_ranges  0x000005a0       0x68 ./si4705.o
 .debug_ranges  0x00000608       0x18 ./stm32f10x_it.o

.debug_line     0x00000000     0x3a76
 .debug_line    0x00000000      0x529 ./usb_lib/src/usb_core.o
 .debug_line    0x00000529      0x1f2 ./usb_lib/src/usb_init.o
 .debug_line    0x0000071b      0x2d5 ./usb_lib/src/usb_int.o
 .debug_line    0x000009f0      0x246 ./usb_lib/src/usb_mem.o
 .debug_line    0x00000c36      0x786 ./usb_lib/src/usb_regs.o
 .debug_line    0x000013bc      0x21f ./usb_lib/src/usb_sil.o
 .debug_line    0x000015db      0x1e7 ./usb/src/usb_desc.o
 .debug_line    0x000017c2      0x21b ./usb/src/usb_endp.o
 .debug_line    0x000019dd      0x22c ./usb/src/usb_istr.o
 .debug_line    0x00001c09      0x3b7 ./usb/src/usb_prop.o
 .debug_line    0x00001fc0      0x2cf ./usb/src/usb_pwr.o
 .debug_line    0x0000228f      0x2a2 ./CMSIS/core_cm3.o
 .debug_line    0x00002531      0x1d4 ./CMSIS/system_stm32f10x.o
 .debug_line    0x00002705       0x5f ./crt0.o
 .debug_line    0x00002764      0x2b4 ./crt1.o
 .debug_line    0x00002a18      0x346 ./delay.o
 .debug_line    0x00002d5e      0x1ec ./leds_driver.o
 .debug_line    0x00002f4a      0x47d ./main.o
 .debug_line    0x000033c7      0x480 ./si4705.o
 .debug_line    0x00003847      0x22f ./stm32f10x_it.o

.debug_macinfo  0x00000000   0x3cb9b6
 .debug_macinfo
                0x00000000    0x361b9 ./usb_lib/src/usb_core.o
 .debug_macinfo
                0x000361b9    0x36007 ./usb_lib/src/usb_init.o
 .debug_macinfo
                0x0006c1c0    0x36007 ./usb_lib/src/usb_int.o
 .debug_macinfo
                0x000a21c7    0x36007 ./usb_lib/src/usb_mem.o
 .debug_macinfo
                0x000d81ce    0x36007 ./usb_lib/src/usb_regs.o
 .debug_macinfo
                0x0010e1d5    0x36007 ./usb_lib/src/usb_sil.o
 .debug_macinfo
                0x001441dc    0x36440 ./usb/src/usb_desc.o
 .debug_macinfo
                0x0017a61c    0x3601f ./usb/src/usb_endp.o
 .debug_macinfo
                0x001b063b    0x3616d ./usb/src/usb_istr.o
 .debug_macinfo
                0x001e67a8    0x3658e ./usb/src/usb_prop.o
 .debug_macinfo
                0x0021cd36    0x363a3 ./usb/src/usb_pwr.o
 .debug_macinfo
                0x002530d9     0x1fec ./CMSIS/core_cm3.o
 .debug_macinfo
                0x002550c5    0x33afc ./CMSIS/system_stm32f10x.o
 .debug_macinfo
                0x00288bc1    0x35836 ./crt1.o
 .debug_macinfo
                0x002be3f7    0x35836 ./delay.o
 .debug_macinfo
                0x002f3c2d    0x33fcd ./leds_driver.o
 .debug_macinfo
                0x00327bfa    0x3817f ./main.o
 .debug_macinfo
                0x0035fd79    0x35bf3 ./si4705.o
 .debug_macinfo
                0x0039596c    0x3604a ./stm32f10x_it.o

.debug_str      0x00000000     0x1dae
 .debug_str     0x00000000      0x86b ./usb_lib/src/usb_core.o
                                0x9d9 (size before relaxing)
 .debug_str     0x0000086b       0x51 ./usb_lib/src/usb_init.o
                                0x4b8 (size before relaxing)
 .debug_str     0x000008bc       0x49 ./usb_lib/src/usb_int.o
                                0x16c (size before relaxing)
 .debug_str     0x00000905       0x71 ./usb_lib/src/usb_mem.o
                                0x16d (size before relaxing)
 .debug_str     0x00000976      0x3e4 ./usb_lib/src/usb_regs.o
                                0x4f5 (size before relaxing)
 .debug_str     0x00000d5a       0x6f ./usb_lib/src/usb_sil.o
                                0x17b (size before relaxing)
 .debug_str     0x00000dc9       0xc4 ./usb/src/usb_desc.o
                                0x1ae (size before relaxing)
 .debug_str     0x00000e8d       0x56 ./usb/src/usb_endp.o
                                0x147 (size before relaxing)
 .debug_str     0x00000ee3       0xb0 ./usb/src/usb_istr.o
                                0x30e (size before relaxing)
 .debug_str     0x00000f93      0x333 ./usb/src/usb_prop.o
                                0xa1d (size before relaxing)
 .debug_str     0x000012c6       0xbe ./usb/src/usb_pwr.o
                                0x439 (size before relaxing)
 .debug_str     0x00001384      0x147 ./CMSIS/core_cm3.o
                                0x24c (size before relaxing)
 .debug_str     0x000014cb      0x159 ./CMSIS/system_stm32f10x.o
                                0x25a (size before relaxing)
 .debug_str     0x00001624       0x15 ./crt1.o
                                 0xfc (size before relaxing)
 .debug_str     0x00001639      0x3bd ./delay.o
                                0x522 (size before relaxing)
 .debug_str     0x000019f6       0x47 ./leds_driver.o
                                0x151 (size before relaxing)
 .debug_str     0x00001a3d      0x154 ./main.o
                                0x68a (size before relaxing)
 .debug_str     0x00001b91      0x1ca ./si4705.o
                                0x3c0 (size before relaxing)
 .debug_str     0x00001d5b       0x53 ./stm32f10x_it.o
                                0x13d (size before relaxing)

.comment        0x00000000       0x11
 .comment       0x00000000       0x11 ./usb_lib/src/usb_core.o
                                 0x12 (size before relaxing)
 .comment       0x00000000       0x12 ./usb_lib/src/usb_init.o
 .comment       0x00000000       0x12 ./usb_lib/src/usb_int.o
 .comment       0x00000000       0x12 ./usb_lib/src/usb_mem.o
 .comment       0x00000000       0x12 ./usb_lib/src/usb_regs.o
 .comment       0x00000000       0x12 ./usb_lib/src/usb_sil.o
 .comment       0x00000000       0x12 ./usb/src/usb_desc.o
 .comment       0x00000000       0x12 ./usb/src/usb_endp.o
 .comment       0x00000000       0x12 ./usb/src/usb_istr.o
 .comment       0x00000000       0x12 ./usb/src/usb_prop.o
 .comment       0x00000000       0x12 ./usb/src/usb_pwr.o
 .comment       0x00000000       0x12 ./CMSIS/core_cm3.o
 .comment       0x00000000       0x12 ./CMSIS/system_stm32f10x.o
 .comment       0x00000000       0x12 ./crt1.o
 .comment       0x00000000       0x12 ./delay.o
 .comment       0x00000000       0x12 ./leds_driver.o
 .comment       0x00000000       0x12 ./main.o
 .comment       0x00000000       0x12 ./si4705.o
 .comment       0x00000000       0x12 ./stm32f10x_it.o

.debug_frame    0x00000000     0x14a0
 .debug_frame   0x00000000      0x254 ./usb_lib/src/usb_core.o
 .debug_frame   0x00000254       0x2c ./usb_lib/src/usb_init.o
 .debug_frame   0x00000280       0x50 ./usb_lib/src/usb_int.o
 .debug_frame   0x000002d0       0x48 ./usb_lib/src/usb_mem.o
 .debug_frame   0x00000318      0x684 ./usb_lib/src/usb_regs.o
 .debug_frame   0x0000099c       0x68 ./usb_lib/src/usb_sil.o
 .debug_frame   0x00000a04       0x60 ./usb/src/usb_endp.o
 .debug_frame   0x00000a64       0x2c ./usb/src/usb_istr.o
 .debug_frame   0x00000a90      0x214 ./usb/src/usb_prop.o
 .debug_frame   0x00000ca4       0xfc ./usb/src/usb_pwr.o
 .debug_frame   0x00000da0      0x280 ./CMSIS/core_cm3.o
 .debug_frame   0x00001020       0x80 ./CMSIS/system_stm32f10x.o
 .debug_frame   0x000010a0       0x2c ./crt1.o
 .debug_frame   0x000010cc       0xb8 ./delay.o
 .debug_frame   0x00001184       0x60 ./leds_driver.o
 .debug_frame   0x000011e4       0xf0 ./main.o
 .debug_frame   0x000012d4      0x184 ./si4705.o
 .debug_frame   0x00001458       0x48 ./stm32f10x_it.o
